// Jest Snapshot v1, https://goo.gl/fbAQLP

exports[`<Info /> Render must match regular 1`] = `
<div>
  <span
    class="info"
  >
    You will receive a notification with every payment of your credits
  </span>
</div>
`;
