// Jest Snapshot v1, https://goo.gl/fbAQLP

exports[`<Label /> Render must match regular 1`] = `
<div>
  <span
    class="label labelMedium"
  >
    Email address
  </span>
</div>
`;
