// Jest Snapshot v1, https://goo.gl/fbAQLP

exports[`<MultiTagCard /> Render must match regular 1`] = `
<div>
  <div
    class="multiTagCard"
  >
    <div
      class="multiTag"
    >
      <div
        class="multiTagContainer"
      >
        <div
          class="multiTagIntroTitle"
        >
          <span
            class="heading headingH4"
          >
            Tags
          </span>
        </div>
        <div
          class="multiTagIntroDescription"
        >
          <span
            class="info"
          >
            Enter multiple email addresses using tags. Tags are completed with a tab or comma. A tab after the last tag jumps to the next element on the page what can get focus. Tags can be removed with backspace or by clicking on them. The input field grows to multiple lines.
          </span>
        </div>
        <div
          class="multiTagMailsTitle"
        >
          <span
            class="label labelSmall"
          >
            Email addresses
          </span>
        </div>
        <div
          class="tagList"
        >
          <div
            class="tag"
          >
            <div
              class="tagText"
            >
              <span
                class="info infoSmall"
              >
                me@me.com
              </span>
            </div>
            <div
              class="tagImage"
            >
              <svg
                font-size="1px"
                height="12"
                viewBox="0 0 1024 1024"
                width="12"
              >
                <path
                  d="M810.667 170.667q18.333 0 30.5 12.167t12.167 30.5q0 18-12.333 30.333l-268.667 268.333 268.667 268.333q12.333 12.333 12.333 30.333 0 18.333-12.167 30.5t-30.5 12.167q-18 0-30.333-12.333l-268.333-268.667-268.333 268.667q-12.333 12.333-30.333 12.333-18.333 0-30.5-12.167t-12.167-30.5q0-18 12.333-30.333l268.667-268.333-268.667-268.333q-12.333-12.333-12.333-30.333 0-18.333 12.167-30.5t30.5-12.167q18 0 30.333 12.333l268.333 268.667 268.333-268.667q12.333-12.333 30.333-12.333z"
                />
              </svg>
            </div>
          </div>
          <div
            class="tag"
          >
            <div
              class="tagText"
            >
              <span
                class="info infoSmall"
              >
                ali@baba.com
              </span>
            </div>
            <div
              class="tagImage"
            >
              <svg
                font-size="1px"
                height="12"
                viewBox="0 0 1024 1024"
                width="12"
              >
                <path
                  d="M810.667 170.667q18.333 0 30.5 12.167t12.167 30.5q0 18-12.333 30.333l-268.667 268.333 268.667 268.333q12.333 12.333 12.333 30.333 0 18.333-12.167 30.5t-30.5 12.167q-18 0-30.333-12.333l-268.333-268.667-268.333 268.667q-12.333 12.333-30.333 12.333-18.333 0-30.5-12.167t-12.167-30.5q0-18 12.333-30.333l268.667-268.333-268.667-268.333q-12.333-12.333-12.333-30.333 0-18.333 12.167-30.5t30.5-12.167q18 0 30.333 12.333l268.333 268.667 268.333-268.667q12.333-12.333 30.333-12.333z"
                />
              </svg>
            </div>
          </div>
          <div
            class="tag"
          >
            <div
              class="tagText"
            >
              <span
                class="info infoSmall"
              >
                someone@amazon.com
              </span>
            </div>
            <div
              class="tagImage"
            >
              <svg
                font-size="1px"
                height="12"
                viewBox="0 0 1024 1024"
                width="12"
              >
                <path
                  d="M810.667 170.667q18.333 0 30.5 12.167t12.167 30.5q0 18-12.333 30.333l-268.667 268.333 268.667 268.333q12.333 12.333 12.333 30.333 0 18.333-12.167 30.5t-30.5 12.167q-18 0-30.333-12.333l-268.333-268.667-268.333 268.667q-12.333 12.333-30.333 12.333-18.333 0-30.5-12.167t-12.167-30.5q0-18 12.333-30.333l268.667-268.333-268.667-268.333q-12.333-12.333-12.333-30.333 0-18.333 12.167-30.5t30.5-12.167q18 0 30.333 12.333l268.333 268.667 268.333-268.667q12.333-12.333 30.333-12.333z"
                />
              </svg>
            </div>
          </div>
          <div
            class="tag"
          >
            <div
              class="tagText"
            >
              <span
                class="info infoSmall"
              >
                one@abc.com
              </span>
            </div>
            <div
              class="tagImage"
            >
              <svg
                font-size="1px"
                height="12"
                viewBox="0 0 1024 1024"
                width="12"
              >
                <path
                  d="M810.667 170.667q18.333 0 30.5 12.167t12.167 30.5q0 18-12.333 30.333l-268.667 268.333 268.667 268.333q12.333 12.333 12.333 30.333 0 18.333-12.167 30.5t-30.5 12.167q-18 0-30.333-12.333l-268.333-268.667-268.333 268.667q-12.333 12.333-30.333 12.333-18.333 0-30.5-12.167t-12.167-30.5q0-18 12.333-30.333l268.667-268.333-268.667-268.333q-12.333-12.333-12.333-30.333 0-18.333 12.167-30.5t30.5-12.167q18 0 30.333 12.333l268.333 268.667 268.333-268.667q12.333-12.333 30.333-12.333z"
                />
              </svg>
            </div>
          </div>
          <div
            class="tag"
          >
            <div
              class="tagText"
            >
              <span
                class="info infoSmall"
              >
                two@abc.com
              </span>
            </div>
            <div
              class="tagImage"
            >
              <svg
                font-size="1px"
                height="12"
                viewBox="0 0 1024 1024"
                width="12"
              >
                <path
                  d="M810.667 170.667q18.333 0 30.5 12.167t12.167 30.5q0 18-12.333 30.333l-268.667 268.333 268.667 268.333q12.333 12.333 12.333 30.333 0 18.333-12.167 30.5t-30.5 12.167q-18 0-30.333-12.333l-268.333-268.667-268.333 268.667q-12.333 12.333-30.333 12.333-18.333 0-30.5-12.167t-12.167-30.5q0-18 12.333-30.333l268.667-268.333-268.667-268.333q-12.333-12.333-12.333-30.333 0-18.333 12.167-30.5t30.5-12.167q18 0 30.333 12.333l268.333 268.667 268.333-268.667q12.333-12.333 30.333-12.333z"
                />
              </svg>
            </div>
          </div>
          <div
            class="tag"
          >
            <div
              class="tagText"
            >
              <span
                class="info infoSmall"
              >
                three@abc.com
              </span>
            </div>
            <div
              class="tagImage"
            >
              <svg
                font-size="1px"
                height="12"
                viewBox="0 0 1024 1024"
                width="12"
              >
                <path
                  d="M810.667 170.667q18.333 0 30.5 12.167t12.167 30.5q0 18-12.333 30.333l-268.667 268.333 268.667 268.333q12.333 12.333 12.333 30.333 0 18.333-12.167 30.5t-30.5 12.167q-18 0-30.333-12.333l-268.333-268.667-268.333 268.667q-12.333 12.333-30.333 12.333-18.333 0-30.5-12.167t-12.167-30.5q0-18 12.333-30.333l268.667-268.333-268.667-268.333q-12.333-12.333-12.333-30.333 0-18.333 12.167-30.5t30.5-12.167q18 0 30.333 12.333l268.333 268.667 268.333-268.667q12.333-12.333 30.333-12.333z"
                />
              </svg>
            </div>
          </div>
          <div
            class="tag"
          >
            <div
              class="tagText"
            >
              <span
                class="info infoSmall"
              >
                four@abc.com
              </span>
            </div>
            <div
              class="tagImage"
            >
              <svg
                font-size="1px"
                height="12"
                viewBox="0 0 1024 1024"
                width="12"
              >
                <path
                  d="M810.667 170.667q18.333 0 30.5 12.167t12.167 30.5q0 18-12.333 30.333l-268.667 268.333 268.667 268.333q12.333 12.333 12.333 30.333 0 18.333-12.167 30.5t-30.5 12.167q-18 0-30.333-12.333l-268.333-268.667-268.333 268.667q-12.333 12.333-30.333 12.333-18.333 0-30.5-12.167t-12.167-30.5q0-18 12.333-30.333l268.667-268.333-268.667-268.333q-12.333-12.333-12.333-30.333 0-18.333 12.167-30.5t30.5-12.167q18 0 30.333 12.333l268.333 268.667 268.333-268.667q12.333-12.333 30.333-12.333z"
                />
              </svg>
            </div>
          </div>
          <div
            class="tag"
          >
            <div
              class="tagText"
            >
              <span
                class="info infoSmall"
              >
                five@abc.com
              </span>
            </div>
            <div
              class="tagImage"
            >
              <svg
                font-size="1px"
                height="12"
                viewBox="0 0 1024 1024"
                width="12"
              >
                <path
                  d="M810.667 170.667q18.333 0 30.5 12.167t12.167 30.5q0 18-12.333 30.333l-268.667 268.333 268.667 268.333q12.333 12.333 12.333 30.333 0 18.333-12.167 30.5t-30.5 12.167q-18 0-30.333-12.333l-268.333-268.667-268.333 268.667q-12.333 12.333-30.333 12.333-18.333 0-30.5-12.167t-12.167-30.5q0-18 12.333-30.333l268.667-268.333-268.667-268.333q-12.333-12.333-12.333-30.333 0-18.333 12.167-30.5t30.5-12.167q18 0 30.333 12.333l268.333 268.667 268.333-268.667q12.333-12.333 30.333-12.333z"
                />
              </svg>
            </div>
          </div>
          <div
            class="tagListNewTag"
          >
            <input
              class="input inputBorderless"
              placeholder="Enter new text here"
              value=""
            />
          </div>
        </div>
        <div
          class="multiTagTelephones"
        >
          <div
            class="multiTagTelephonesTitle"
          >
            <span
              class="label labelSmall"
            >
              Telephone numbers
            </span>
          </div>
          <div
            class="multiTagTelephonesInput"
          >
            <input
              class="input"
              placeholder="Enter new text here"
              value=""
            />
          </div>
          <span
            class="info infoSmall"
          >
            Enter telephone numbers.
          </span>
        </div>
      </div>
    </div>
  </div>
</div>
`;
